\BOOKMARK [1][-]{Doc-Start}{\376\377\004\020\004\075\004\075\004\076\004\102\004\060\004\106\004\070\004\117}{}% 1
\BOOKMARK [1][-]{Doc-Start}{\376\377\000A\000b\000s\000t\000r\000a\000c\000t}{}% 2
\BOOKMARK [1][-]{section.1}{\376\377\000I\000n\000t\000r\000o\000d\000u\000c\000t\000i\000o\000n}{}% 3
\BOOKMARK [1][-]{section.2}{\376\377\000L\000i\000t\000e\000r\000a\000t\000u\000r\000e\000\040\000R\000e\000v\000i\000e\000w}{}% 4
\BOOKMARK [2][-]{subsection.2.1}{\376\377\000T\000o\000p\000o\000l\000o\000g\000i\000c\000a\000l\000\040\000D\000a\000t\000a\000\040\000A\000n\000a\000l\000y\000s\000i\000s\000\040\000a\000n\000d\000\040\000P\000e\000r\000s\000i\000s\000t\000e\000n\000t\000\040\000H\000o\000m\000o\000l\000o\000g\000y}{section.2}% 5
\BOOKMARK [2][-]{subsection.2.2}{\376\377\000T\000D\000A\000\040\000f\000o\000r\000\040\000A\000u\000d\000i\000o\000\040\000a\000n\000d\000\040\000M\000u\000s\000i\000c}{section.2}% 6
\BOOKMARK [2][-]{subsection.2.3}{\376\377\000W\000h\000y\000\040\000F\000r\000a\000m\000e\000-\000L\000e\000v\000e\000l\000\040\000E\000m\000b\000e\000d\000d\000i\000n\000g\000s\000\040\000A\000r\000e\000\040\000R\000e\000q\000u\000i\000r\000e\000d\000\040\000f\000o\000r\000\040\000T\000D\000A}{section.2}% 7
\BOOKMARK [2][-]{subsection.2.4}{\376\377\000N\000e\000u\000r\000a\000l\000\040\000A\000u\000d\000i\000o\000\040\000E\000m\000b\000e\000d\000d\000i\000n\000g\000s\000\040\000U\000s\000e\000d\000\040\000i\000n\000\040\000T\000h\000i\000s\000\040\000W\000o\000r\000k}{section.2}% 8
\BOOKMARK [2][-]{subsection.2.5}{\376\377\000L\000a\000y\000e\000r\000\040\000C\000h\000o\000i\000c\000e\000\040\000i\000n\000\040\000T\000r\000a\000n\000s\000f\000o\000r\000m\000e\000r\000\040\000A\000u\000d\000i\000o\000\040\000M\000o\000d\000e\000l\000s}{section.2}% 9
\BOOKMARK [2][-]{subsection.2.6}{\376\377\000D\000e\000l\000a\000y\000\040\000E\000m\000b\000e\000d\000d\000i\000n\000g\000\040\000a\000n\000d\000\040\000T\000a\000k\000e\000n\000s\000'\000\040\000T\000h\000e\000o\000r\000e\000m}{section.2}% 10
\BOOKMARK [1][-]{section.3}{\376\377\000P\000r\000o\000b\000l\000e\000m\000\040\000S\000t\000a\000t\000e\000m\000e\000n\000t\000\040\000a\000n\000d\000\040\000H\000y\000p\000o\000t\000h\000e\000s\000e\000s}{}% 11
\BOOKMARK [1][-]{section.4}{\376\377\000D\000a\000t\000a}{}% 12
\BOOKMARK [1][-]{section.5}{\376\377\000M\000e\000t\000h\000o\000d\000o\000l\000o\000g\000y}{}% 13
\BOOKMARK [2][-]{subsection.5.1}{\376\377\000E\000m\000b\000e\000d\000d\000i\000n\000g\000\040\000E\000x\000t\000r\000a\000c\000t\000i\000o\000n}{section.5}% 14
\BOOKMARK [2][-]{subsection.5.2}{\376\377\000P\000r\000e\000p\000r\000o\000c\000e\000s\000s\000i\000n\000g\000\040\000a\000n\000d\000\040\000C\000o\000m\000m\000o\000n\000\040\000D\000e\000n\000o\000m\000i\000n\000a\000t\000o\000r}{section.5}% 15
\BOOKMARK [2][-]{subsection.5.3}{\376\377\000P\000o\000i\000n\000t\000\040\000C\000l\000o\000u\000d\000\040\000C\000o\000n\000s\000t\000r\000u\000c\000t\000i\000o\000n\000:\000\040\000T\000a\000k\000e\000n\000s\000\040\000E\000m\000b\000e\000d\000d\000i\000n\000g}{section.5}% 16
\BOOKMARK [2][-]{subsection.5.4}{\376\377\000C\000o\000m\000p\000u\000t\000i\000n\000g\000\040\000P\000e\000r\000s\000i\000s\000t\000e\000n\000t\000\040\000H\000o\000m\000o\000l\000o\000g\000y}{section.5}% 17
\BOOKMARK [2][-]{subsection.5.5}{\376\377\000D\000i\000a\000g\000r\000a\000m\000\040\000V\000e\000c\000t\000o\000r\000i\000z\000a\000t\000i\000o\000n}{section.5}% 18
\BOOKMARK [2][-]{subsection.5.6}{\376\377\000S\000u\000r\000r\000o\000g\000a\000t\000e\000\040\000C\000o\000n\000t\000r\000o\000l\000s}{section.5}% 19
\BOOKMARK [2][-]{subsection.5.7}{\376\377\000S\000t\000a\000t\000i\000s\000t\000i\000c\000a\000l\000\040\000F\000r\000a\000m\000e\000w\000o\000r\000k}{section.5}% 20
\BOOKMARK [2][-]{subsection.5.8}{\376\377\000D\000o\000w\000n\000s\000t\000r\000e\000a\000m\000\040\000C\000l\000a\000s\000s\000i\000f\000i\000c\000a\000t\000i\000o\000n}{section.5}% 21
\BOOKMARK [2][-]{subsection.5.9}{\376\377\000L\000o\000o\000p\000\040\000L\000o\000c\000a\000l\000i\000z\000a\000t\000i\000o\000n\000\040\000A\000n\000a\000l\000y\000s\000i\000s}{section.5}% 22
\BOOKMARK [2][-]{subsection.5.10}{\376\377\000P\000o\000p\000u\000l\000a\000r\000i\000t\000y\000\040\000A\000n\000a\000l\000y\000s\000i\000s}{section.5}% 23
\BOOKMARK [2][-]{subsection.5.11}{\376\377\000A\000b\000l\000a\000t\000i\000o\000n\000\040\000C\000h\000e\000c\000k\000s\000\040\000a\000n\000d\000\040\000R\000e\000p\000r\000o\000d\000u\000c\000i\000b\000i\000l\000i\000t\000y}{section.5}% 24
\BOOKMARK [1][-]{section.6}{\376\377\000R\000e\000s\000u\000l\000t\000s}{}% 25
\BOOKMARK [2][-]{subsection.6.1}{\376\377\000H\0001\000\040\040\024\000\040\000R\000e\000a\000l\000i\000t\000y\000\040\000o\000f\000\040\000T\000o\000p\000o\000l\000o\000g\000i\000c\000a\000l\000\040\000L\000o\000o\000p\000s}{section.6}% 26
\BOOKMARK [2][-]{subsection.6.2}{\376\377\000H\0002\000\040\040\024\000\040\000W\000i\000t\000h\000i\000n\000-\000/\000B\000e\000t\000w\000e\000e\000n\000-\000G\000e\000n\000r\000e\000\040\000D\000i\000s\000t\000a\000n\000c\000e\000s}{section.6}% 27
\BOOKMARK [2][-]{subsection.6.3}{\376\377\000H\0003\000\040\040\024\000\040\000N\000o\000n\000l\000i\000n\000e\000a\000r\000\040\000T\000e\000m\000p\000o\000r\000a\000l\000\040\000S\000t\000r\000u\000c\000t\000u\000r\000e}{section.6}% 28
\BOOKMARK [2][-]{subsection.6.4}{\376\377\000H\0004\000\040\040\024\000\040\000R\000e\000p\000r\000e\000s\000e\000n\000t\000a\000t\000i\000o\000n\000\040\000C\000o\000n\000s\000i\000s\000t\000e\000n\000c\000y}{section.6}% 29
\BOOKMARK [2][-]{subsection.6.5}{\376\377\000H\0005\000\040\040\024\000\040\000G\000e\000n\000r\000e\000\040\000C\000l\000a\000s\000s\000i\000f\000i\000c\000a\000t\000i\000o\000n}{section.6}% 30
\BOOKMARK [2][-]{subsection.6.6}{\376\377\000H\000-\000l\000o\000o\000p\000\040\040\024\000\040\000C\000h\000r\000o\000m\000a\000t\000i\000c\000\040\000C\000o\000r\000r\000e\000s\000p\000o\000n\000d\000e\000n\000c\000e\000\040\000o\000f\000\040\000L\000o\000o\000p\000s\000\040\000t\000o\000\040\000R\000e\000p\000e\000a\000t\000e\000d\000\040\000S\000e\000c\000t\000i\000o\000n\000s}{section.6}% 31
\BOOKMARK [2][-]{subsection.6.7}{\376\377\000R\000o\000b\000u\000s\000t\000n\000e\000s\000s\000\040\000A\000n\000a\000l\000y\000s\000i\000s}{section.6}% 32
\BOOKMARK [2][-]{subsection.6.8}{\376\377\000M\000u\000l\000t\000i\000p\000l\000e\000-\000C\000o\000m\000p\000a\000r\000i\000s\000o\000n\000\040\000C\000o\000n\000t\000r\000o\000l}{section.6}% 33
\BOOKMARK [2][-]{subsection.6.9}{\376\377\000P\000o\000p\000u\000l\000a\000r\000i\000t\000y\000\040\000a\000n\000d\000\040\000T\000o\000p\000o\000l\000o\000g\000i\000c\000a\000l\000\040\000F\000i\000n\000d\000i\000n\000g\000s}{section.6}% 34
\BOOKMARK [1][-]{section.7}{\376\377\000D\000i\000s\000c\000u\000s\000s\000i\000o\000n}{}% 35
\BOOKMARK [2][-]{subsection.7.1}{\376\377\000W\000h\000a\000t\000\040\000T\000r\000a\000j\000e\000c\000t\000o\000r\000y\000\040\000T\000o\000p\000o\000l\000o\000g\000y\000\040\000C\000a\000p\000t\000u\000r\000e\000s}{section.7}% 36
\BOOKMARK [2][-]{subsection.7.2}{\376\377\000W\000h\000a\000t\000\040\000T\000r\000a\000j\000e\000c\000t\000o\000r\000y\000\040\000T\000o\000p\000o\000l\000o\000g\000y\000\040\000D\000o\000e\000s\000\040\000N\000o\000t\000\040\000C\000a\000p\000t\000u\000r\000e}{section.7}% 37
\BOOKMARK [2][-]{subsection.7.3}{\376\377\000M\000e\000t\000h\000o\000d\000o\000l\000o\000g\000i\000c\000a\000l\000\040\000I\000n\000s\000i\000g\000h\000t\000:\000\040\000S\000t\000r\000i\000c\000t\000\040\000S\000u\000r\000r\000o\000g\000a\000t\000e\000s\000\040\000M\000a\000t\000t\000e\000r\000\040\000M\000o\000r\000e\000\040\000T\000h\000a\000n\000\040\000S\000h\000u\000f\000f\000l\000e}{section.7}% 38
\BOOKMARK [2][-]{subsection.7.4}{\376\377\000L\000i\000m\000i\000t\000a\000t\000i\000o\000n\000s}{section.7}% 39
\BOOKMARK [2][-]{subsection.7.5}{\376\377\000M\000e\000t\000h\000o\000d\000o\000l\000o\000g\000i\000c\000a\000l\000\040\000L\000e\000s\000s\000o\000n\000s}{section.7}% 40
\BOOKMARK [1][-]{section.8}{\376\377\000C\000o\000n\000c\000l\000u\000s\000i\000o\000n}{}% 41
\BOOKMARK [1][-]{section.9}{\376\377\000F\000u\000t\000u\000r\000e\000\040\000W\000o\000r\000k}{}% 42
\BOOKMARK [1][-]{section.9}{\376\377\000B\000i\000b\000l\000i\000o\000g\000r\000a\000p\000h\000y}{}% 43
